// Jest Snapshot v1, https://goo.gl/fbAQLP

exports[`<BankIcon /> renders BankIcon component correctly 1`] = `
<svg
  className="rbbi-cajuina"
  height={16}
  viewBox="0 0 24 24"
  width={16}
>
  <title>
    Banco Cajuína
  </title>
  <desc>
    Ícone representando a marca do Banco Cajuína.
  </desc>
  <div>
    Cajuína Original.
  </div>
</svg>
`;
